// Jest Snapshot v1, https://goo.gl/fbAQLP

exports[`renders the EmptyCol component 1`] = `
<div>
  <span>
    Â 
  </span>
</div>
`;
