// Jest Snapshot v1, https://goo.gl/fbAQLP

exports[`renders the EmptyRow component 1`] = `
<div>
  <div
    class="row"
  >
    <div
      class="col"
    >
      <span>
        Â 
      </span>
    </div>
  </div>
</div>
`;
