// Jest Snapshot v1, https://goo.gl/fbAQLP

exports[`renders no loading bar component 1`] = `<div />`;

exports[`renders no loading spinner component 1`] = `<div />`;

exports[`renders the loading bar component 1`] = `
<div>
  <div
    class="progress"
  >
    <div
      aria-valuemax="100"
      aria-valuemin="0"
      aria-valuenow="100"
      class="progress-bar progress-bar-animated progress-bar-striped"
      role="progressbar"
      style="width: 100%;"
    />
  </div>
</div>
`;

exports[`renders the loading spinner component 1`] = `
<div>
  <span
    aria-hidden="true"
    class="spinner-border spinner-border-sm"
    role="status"
  />
  <span>
    Â 
  </span>
</div>
`;
